[data] 8000 FMA-small tracks
[data] genres: {'Electronic': 1000, 'Experimental': 1000, 'Folk': 1000, 'Hip-Hop': 1000, 'Instrumental': 1000, 'International': 1000, 'Pop': 1000, 'Rock': 1000}
[proc] 32 workers, 1.5s segments, tau=0.9
[src/libmpg123/layer3.c:INT123_do_layer3():1844] error: dequantization failed!
  500/8000  ok=500  1.9 tracks/s  eta 64.2m
[src/libmpg123/layer3.c:INT123_do_layer3():1804] error: dequantization failed!
  1000/8000  ok=1000  1.9 tracks/s  eta 61.6m
[src/libmpg123/layer3.c:INT123_do_layer3():1804] error: dequantization failed!
  1500/8000  ok=1500  2.0 tracks/s  eta 55.3m
  2000/8000  ok=2000  2.0 tracks/s  eta 49.7m
[src/libmpg123/layer3.c:INT123_do_layer3():1774] error: part2_3_length (3360) too large for available bit count (3240)
[src/libmpg123/layer3.c:INT123_do_layer3():1774] error: part2_3_length (3328) too large for available bit count (3240)
  2500/8000  ok=2500  2.0 tracks/s  eta 45.0m
  3000/8000  ok=3000  2.1 tracks/s  eta 40.1m
  3500/8000  ok=3500  2.1 tracks/s  eta 35.9m
  4000/8000  ok=4000  2.1 tracks/s  eta 31.7m
[src/libmpg123/parse.c:do_readahead():1083] warning: Cannot read next header, a one-frame stream? Duh...
Note: Illegal Audio-MPEG-Header 0x00000000 at offset 33361.
Note: Trying to resync...
Note: Skipped 1024 bytes in input.
[src/libmpg123/parse.c:wetwork():1349] error: Giving up resync after 1024 bytes - your stream is not nice... (maybe increasing resync limit could help).
Note: Illegal Audio-MPEG-Header 0x00000000 at offset 22401.
Note: Trying to resync...
Note: Skipped 1024 bytes in input.
[src/libmpg123/parse.c:wetwork():1349] error: Giving up resync after 1024 bytes - your stream is not nice... (maybe increasing resync limit could help).
[src/libmpg123/layer3.c:INT123_do_layer3():1804] error: dequantization failed!
Note: Illegal Audio-MPEG-Header 0x00000000 at offset 63168.
Note: Trying to resync...
Note: Skipped 1024 bytes in input.
[src/libmpg123/parse.c:wetwork():1349] error: Giving up resync after 1024 bytes - your stream is not nice... (maybe increasing resync limit could help).
  4500/8000  ok=4496  2.1 tracks/s  eta 27.6m
[src/libmpg123/parse.c:do_readahead():1083] warning: Cannot read next header, a one-frame stream? Duh...
  5000/8000  ok=4995  2.1 tracks/s  eta 23.5m
  5500/8000  ok=5495  2.1 tracks/s  eta 19.5m
  6000/8000  ok=5995  2.1 tracks/s  eta 15.6m
  6500/8000  ok=6495  2.1 tracks/s  eta 11.6m
[src/libmpg123/parse.c:do_readahead():1083] warning: Cannot read next header, a one-frame stream? Duh...
  7000/8000  ok=6995  2.1 tracks/s  eta 7.8m
  7500/8000  ok=7494  2.2 tracks/s  eta 3.9m
  8000/8000  ok=7994  2.2 tracks/s  eta 0.0m
[proc] 7994/8000 usable in 60.1 min
[stat] segment graphs: 19.4 nodes, avg degree 18.15
[stat] chord graphs:   22.1 unique chords
[out ] /data/processed/fma_small_graphs.pt  +  25 examples
EXIT=0
