[data] 7994 tracks | 8 genres: ['Electronic', 'Experimental', 'Folk', 'Hip-Hop', 'Instrumental', 'International', 'Pop', 'Rock']
[data] splits: train=6394 val=800 test=800
[data] artist leakage (verified, not assumed): {'train_test': 0, 'train_val': 0, 'val_test': 0}

=== sage ===
  [sage epoch 1] loss 1.5832 val-acc 0.4738 val-macroF1 0.4534 (0.5s)
  [sage epoch 2] loss 1.3990 val-acc 0.5162 val-macroF1 0.5016 (0.4s)
  [sage epoch 3] loss 1.3320 val-acc 0.5075 val-macroF1 0.4966 (0.3s)
  [sage epoch 4] loss 1.2854 val-acc 0.5050 val-macroF1 0.4930 (0.3s)
  [sage epoch 5] loss 1.2472 val-acc 0.5100 val-macroF1 0.5053 (0.4s)
  [sage epoch 6] loss 1.2202 val-acc 0.5150 val-macroF1 0.4984 (0.3s)
  [sage epoch 7] loss 1.1906 val-acc 0.5125 val-macroF1 0.4966 (0.3s)
  [sage epoch 8] loss 1.1680 val-acc 0.5162 val-macroF1 0.5089 (0.3s)
  [sage epoch 9] loss 1.1319 val-acc 0.4800 val-macroF1 0.4715 (0.3s)
  [sage epoch 10] loss 1.1151 val-acc 0.5312 val-macroF1 0.5168 (0.3s)
  [sage epoch 11] loss 1.0847 val-acc 0.5050 val-macroF1 0.4975 (0.3s)
  [sage epoch 12] loss 1.0608 val-acc 0.5038 val-macroF1 0.4955 (0.3s)
  [sage epoch 13] loss 1.0380 val-acc 0.5138 val-macroF1 0.5016 (0.3s)
  [sage epoch 14] loss 1.0186 val-acc 0.5025 val-macroF1 0.4984 (0.3s)
  [sage epoch 15] loss 0.9980 val-acc 0.5025 val-macroF1 0.4936 (0.3s)
  [sage epoch 16] loss 0.9665 val-acc 0.5200 val-macroF1 0.5098 (0.3s)
  [sage epoch 17] loss 0.9641 val-acc 0.5025 val-macroF1 0.4917 (0.3s)
  [sage epoch 18] loss 0.9440 val-acc 0.5038 val-macroF1 0.4955 (0.3s)
  [sage epoch 19] loss 0.9223 val-acc 0.5250 val-macroF1 0.5167 (0.3s)
  [sage epoch 20] loss 0.9121 val-acc 0.5425 val-macroF1 0.5287 (0.3s)
  [sage epoch 21] loss 0.8710 val-acc 0.5038 val-macroF1 0.4998 (0.3s)
  [sage epoch 22] loss 0.8785 val-acc 0.5038 val-macroF1 0.4928 (0.3s)
  [sage epoch 23] loss 0.8547 val-acc 0.4988 val-macroF1 0.4874 (0.3s)
  [sage epoch 24] loss 0.8370 val-acc 0.4950 val-macroF1 0.4834 (0.3s)
  [sage epoch 25] loss 0.8239 val-acc 0.5125 val-macroF1 0.4955 (0.3s)
  [sage epoch 26] loss 0.8031 val-acc 0.4988 val-macroF1 0.4868 (0.3s)
  [sage epoch 27] loss 0.7913 val-acc 0.4925 val-macroF1 0.4785 (0.3s)
  [sage epoch 28] loss 0.7925 val-acc 0.5050 val-macroF1 0.4950 (0.3s)
  [sage epoch 29] loss 0.7700 val-acc 0.4988 val-macroF1 0.4864 (0.3s)
  [sage epoch 30] loss 0.7623 val-acc 0.5088 val-macroF1 0.4924 (0.3s)
  [sage epoch 31] loss 0.7451 val-acc 0.5025 val-macroF1 0.4875 (0.3s)
  [sage epoch 32] loss 0.7300 val-acc 0.4963 val-macroF1 0.4864 (0.3s)
  [sage epoch 33] loss 0.7160 val-acc 0.5238 val-macroF1 0.5127 (0.3s)
  [sage epoch 34] loss 0.7022 val-acc 0.5250 val-macroF1 0.5182 (0.3s)
  [sage epoch 35] loss 0.6934 val-acc 0.5000 val-macroF1 0.4902 (0.3s)
  [sage epoch 36] loss 0.6766 val-acc 0.5062 val-macroF1 0.4956 (0.3s)
  [sage epoch 37] loss 0.6740 val-acc 0.4963 val-macroF1 0.4832 (0.3s)
  [sage epoch 38] loss 0.6600 val-acc 0.5012 val-macroF1 0.4889 (0.3s)
  [sage epoch 39] loss 0.6368 val-acc 0.4925 val-macroF1 0.4838 (0.3s)
  [sage epoch 40] loss 0.6339 val-acc 0.4975 val-macroF1 0.4931 (0.3s)

=== gat ===
  [gat epoch 1] loss 1.6328 val-acc 0.4938 val-macroF1 0.4578 (0.5s)
  [gat epoch 2] loss 1.4270 val-acc 0.5025 val-macroF1 0.4836 (0.4s)
  [gat epoch 3] loss 1.3674 val-acc 0.5288 val-macroF1 0.5027 (0.4s)
  [gat epoch 4] loss 1.3286 val-acc 0.5225 val-macroF1 0.4958 (0.4s)
  [gat epoch 5] loss 1.2869 val-acc 0.5275 val-macroF1 0.5056 (0.4s)
  [gat epoch 6] loss 1.2631 val-acc 0.5150 val-macroF1 0.5004 (0.4s)
  [gat epoch 7] loss 1.2330 val-acc 0.5138 val-macroF1 0.5053 (0.4s)
  [gat epoch 8] loss 1.2143 val-acc 0.5138 val-macroF1 0.5020 (0.4s)
  [gat epoch 9] loss 1.1863 val-acc 0.5088 val-macroF1 0.4992 (0.4s)
  [gat epoch 10] loss 1.1639 val-acc 0.5188 val-macroF1 0.5076 (0.4s)
  [gat epoch 11] loss 1.1423 val-acc 0.5188 val-macroF1 0.5094 (0.4s)
  [gat epoch 12] loss 1.1260 val-acc 0.5088 val-macroF1 0.4871 (0.4s)
  [gat epoch 13] loss 1.1065 val-acc 0.5188 val-macroF1 0.5022 (0.4s)
  [gat epoch 14] loss 1.0815 val-acc 0.5337 val-macroF1 0.5167 (0.4s)
  [gat epoch 15] loss 1.0671 val-acc 0.5387 val-macroF1 0.5283 (0.4s)
  [gat epoch 16] loss 1.0549 val-acc 0.5138 val-macroF1 0.4975 (0.4s)
  [gat epoch 17] loss 1.0348 val-acc 0.5312 val-macroF1 0.5188 (0.4s)
  [gat epoch 18] loss 1.0129 val-acc 0.5212 val-macroF1 0.5090 (0.4s)
  [gat epoch 19] loss 0.9968 val-acc 0.5325 val-macroF1 0.5220 (0.4s)
  [gat epoch 20] loss 0.9844 val-acc 0.5262 val-macroF1 0.5097 (0.4s)
  [gat epoch 21] loss 0.9703 val-acc 0.5138 val-macroF1 0.5008 (0.4s)
  [gat epoch 22] loss 0.9436 val-acc 0.5025 val-macroF1 0.4939 (0.4s)
  [gat epoch 23] loss 0.9321 val-acc 0.5088 val-macroF1 0.5035 (0.4s)
  [gat epoch 24] loss 0.9219 val-acc 0.5250 val-macroF1 0.5108 (0.4s)
  [gat epoch 25] loss 0.9119 val-acc 0.5337 val-macroF1 0.5201 (0.4s)
  [gat epoch 26] loss 0.8951 val-acc 0.5200 val-macroF1 0.5061 (0.4s)
  [gat epoch 27] loss 0.8907 val-acc 0.5238 val-macroF1 0.5139 (0.4s)
  [gat epoch 28] loss 0.8712 val-acc 0.5212 val-macroF1 0.5085 (0.4s)
  [gat epoch 29] loss 0.8598 val-acc 0.5413 val-macroF1 0.5203 (0.4s)
  [gat epoch 30] loss 0.8544 val-acc 0.5100 val-macroF1 0.5047 (0.4s)
  [gat epoch 31] loss 0.8449 val-acc 0.5325 val-macroF1 0.5204 (0.4s)
  [gat epoch 32] loss 0.8282 val-acc 0.5312 val-macroF1 0.5182 (0.4s)
  [gat epoch 33] loss 0.8202 val-acc 0.5088 val-macroF1 0.4984 (0.4s)
  [gat epoch 34] loss 0.8251 val-acc 0.5288 val-macroF1 0.5143 (0.4s)
  [gat epoch 35] loss 0.8002 val-acc 0.5212 val-macroF1 0.5077 (0.4s)
  [gat epoch 36] loss 0.7956 val-acc 0.5138 val-macroF1 0.5016 (0.4s)
  [gat epoch 37] loss 0.7793 val-acc 0.5088 val-macroF1 0.4982 (0.4s)
  [gat epoch 38] loss 0.7661 val-acc 0.5112 val-macroF1 0.4943 (0.4s)
  [gat epoch 39] loss 0.7614 val-acc 0.5088 val-macroF1 0.4990 (0.4s)
  [gat epoch 40] loss 0.7527 val-acc 0.5062 val-macroF1 0.4937 (0.4s)

=== cnn ===
  [cnn epoch 1] loss 1.6920 val-acc 0.3962 (14.9s)
  [cnn epoch 2] loss 1.4922 val-acc 0.4562 (14.7s)
  [cnn epoch 3] loss 1.4146 val-acc 0.4650 (14.8s)
  [cnn epoch 4] loss 1.3616 val-acc 0.4325 (14.7s)
  [cnn epoch 5] loss 1.3420 val-acc 0.4400 (14.7s)
  [cnn epoch 6] loss 1.3169 val-acc 0.5075 (14.7s)
  [cnn epoch 7] loss 1.2727 val-acc 0.4900 (14.7s)
  [cnn epoch 8] loss 1.2742 val-acc 0.4363 (14.7s)
  [cnn epoch 9] loss 1.2558 val-acc 0.4800 (14.8s)
  [cnn epoch 10] loss 1.2437 val-acc 0.4750 (14.8s)
  [cnn epoch 11] loss 1.2115 val-acc 0.5413 (14.8s)
  [cnn epoch 12] loss 1.2079 val-acc 0.4637 (14.8s)
  [cnn epoch 13] loss 1.1927 val-acc 0.5062 (14.8s)
  [cnn epoch 14] loss 1.1766 val-acc 0.5162 (14.8s)
  [cnn epoch 15] loss 1.1682 val-acc 0.5300 (14.8s)
  [cnn epoch 16] loss 1.1521 val-acc 0.5125 (14.8s)
  [cnn epoch 17] loss 1.1526 val-acc 0.5200 (14.8s)
  [cnn epoch 18] loss 1.1407 val-acc 0.5487 (14.8s)
  [cnn epoch 19] loss 1.1316 val-acc 0.5075 (14.8s)
  [cnn epoch 20] loss 1.1161 val-acc 0.5487 (14.7s)
  [cnn epoch 21] loss 1.1006 val-acc 0.5088 (14.7s)
  [cnn epoch 22] loss 1.0813 val-acc 0.5587 (14.8s)
  [cnn epoch 23] loss 1.0709 val-acc 0.4512 (14.8s)
  [cnn epoch 24] loss 1.0678 val-acc 0.4813 (14.8s)
  [cnn epoch 25] loss 1.0407 val-acc 0.4537 (14.8s)
  [cnn epoch 26] loss 1.0490 val-acc 0.4412 (14.8s)
  [cnn epoch 27] loss 1.0384 val-acc 0.5550 (14.8s)
  [cnn epoch 28] loss 1.0227 val-acc 0.4425 (14.8s)
  [cnn epoch 29] loss 1.0076 val-acc 0.5188 (14.8s)
  [cnn epoch 30] loss 0.9942 val-acc 0.4938 (14.8s)
  [cnn epoch 31] loss 0.9861 val-acc 0.5038 (14.8s)
  [cnn epoch 32] loss 0.9663 val-acc 0.5150 (14.8s)
  [cnn epoch 33] loss 0.9711 val-acc 0.4025 (14.8s)
  [cnn epoch 34] loss 0.9585 val-acc 0.4363 (14.8s)
  [cnn epoch 35] loss 0.9408 val-acc 0.4700 (14.8s)
  [cnn epoch 36] loss 0.9116 val-acc 0.3475 (14.8s)
  [cnn epoch 37] loss 0.9187 val-acc 0.3900 (14.8s)
  [cnn epoch 38] loss 0.8942 val-acc 0.5150 (14.8s)
  [cnn epoch 39] loss 0.8859 val-acc 0.5200 (14.8s)
  [cnn epoch 40] loss 0.8569 val-acc 0.4100 (14.8s)

=== Task 2 summary ===
model         params  test-acc  macro-F1
sage          49,416    0.4138    0.4067
gat           26,120    0.4375    0.4315
cnn_b2       241,992    0.4425    0.4075
[out ] results/metrics_task2.json
EXIT=0
