[data] 5355 clips | train=4284 val=535 test=536
Warning: You are sending unauthenticated requests to the HF Hub. Please set a HF_TOKEN to enable higher rate limits and faster downloads.
Loading weights:   0%|          | 0/100 [00:00<?, ?it/s]Loading weights: 100%|██████████| 100/100 [00:00<00:00, 9138.71it/s]
[transformers] [1mDistilBertModel LOAD REPORT[0m from: distilbert-base-uncased
Key                     | Status     |  | 
------------------------+------------+--+-
vocab_layer_norm.bias   | UNEXPECTED |  | 
vocab_projector.bias    | UNEXPECTED |  | 
vocab_transform.weight  | UNEXPECTED |  | 
vocab_transform.bias    | UNEXPECTED |  | 
vocab_layer_norm.weight | UNEXPECTED |  | 

Notes:
- UNEXPECTED:	can be ignored when loading from different task/architecture; not ok if you expect identical arch.
  [epoch 1] loss 3.8716 c2a R@1 0.0075 R@10 0.0991 tau 0.0700 (20.2s)
  [epoch 2] loss 3.5126 c2a R@1 0.0262 R@10 0.1271 tau 0.0700 (19.8s)
  [epoch 3] loss 3.2777 c2a R@1 0.0187 R@10 0.1252 tau 0.0698 (19.8s)
  [epoch 4] loss 3.0706 c2a R@1 0.0299 R@10 0.1290 tau 0.0697 (19.9s)
  [epoch 5] loss 2.8511 c2a R@1 0.0243 R@10 0.1458 tau 0.0696 (19.9s)
  [epoch 6] loss 2.6643 c2a R@1 0.0262 R@10 0.1682 tau 0.0694 (19.9s)
  [epoch 7] loss 2.4534 c2a R@1 0.0187 R@10 0.1607 tau 0.0692 (19.9s)
  [epoch 8] loss 2.2079 c2a R@1 0.0262 R@10 0.1477 tau 0.0691 (19.9s)
  [epoch 9] loss 2.0414 c2a R@1 0.0299 R@10 0.1720 tau 0.0689 (19.9s)
  [epoch 10] loss 1.8231 c2a R@1 0.0224 R@10 0.1664 tau 0.0687 (19.9s)
  [epoch 11] loss 1.6949 c2a R@1 0.0224 R@10 0.1570 tau 0.0686 (19.9s)
  [epoch 12] loss 1.5278 c2a R@1 0.0355 R@10 0.1682 tau 0.0684 (19.9s)
  [epoch 13] loss 1.3812 c2a R@1 0.0206 R@10 0.1645 tau 0.0683 (19.9s)
  [epoch 14] loss 1.2818 c2a R@1 0.0262 R@10 0.1589 tau 0.0681 (19.9s)
  [epoch 15] loss 1.1450 c2a R@1 0.0206 R@10 0.1626 tau 0.0679 (19.9s)
  [epoch 16] loss 1.0735 c2a R@1 0.0243 R@10 0.1626 tau 0.0678 (19.9s)
  [epoch 17] loss 0.9626 c2a R@1 0.0187 R@10 0.1402 tau 0.0676 (19.9s)
  [epoch 18] loss 0.9149 c2a R@1 0.0206 R@10 0.1439 tau 0.0675 (19.9s)
  [epoch 19] loss 0.8239 c2a R@1 0.0224 R@10 0.1514 tau 0.0673 (19.9s)
  [epoch 20] loss 0.7695 c2a R@1 0.0206 R@10 0.1589 tau 0.0672 (19.9s)
  [epoch 21] loss 0.7112 c2a R@1 0.0243 R@10 0.1514 tau 0.0670 (19.9s)
  [epoch 22] loss 0.6480 c2a R@1 0.0206 R@10 0.1664 tau 0.0668 (19.9s)
  [epoch 23] loss 0.6182 c2a R@1 0.0168 R@10 0.1477 tau 0.0667 (19.9s)
  [epoch 24] loss 0.5594 c2a R@1 0.0131 R@10 0.1682 tau 0.0665 (19.9s)
  [epoch 25] loss 0.5359 c2a R@1 0.0168 R@10 0.1570 tau 0.0664 (19.9s)
  [epoch 26] loss 0.4910 c2a R@1 0.0224 R@10 0.1551 tau 0.0662 (19.9s)
  [epoch 27] loss 0.4723 c2a R@1 0.0243 R@10 0.1533 tau 0.0661 (19.9s)
  [epoch 28] loss 0.4555 c2a R@1 0.0187 R@10 0.1626 tau 0.0659 (19.9s)
  [epoch 29] loss 0.4073 c2a R@1 0.0262 R@10 0.1682 tau 0.0658 (19.9s)
  [epoch 30] loss 0.3919 c2a R@1 0.0187 R@10 0.1626 tau 0.0656 (19.9s)
[best] restored epoch 9 (val c2a R@10 0.1720)
[zero-shot] 50 tags  micro-F1 0.1171 macro-F1 0.1080 AUC-PR 0.0805

=== Task 4 retrieval (gallery 536) ===
  caption_to_audio   R@1 0.0168  R@5 0.0784  R@10 0.1269
  audio_to_caption   R@1 0.0224  R@5 0.0597  R@10 0.1325
  random baseline    R@1 0.0019  R@10 0.0187
  median rank        c2a 68  a2c 68
[out ] results/metrics_task4.json
T4BDONE
