Warning: You are sending unauthenticated requests to the HF Hub. Please set a HF_TOKEN to enable higher rate limits and faster downloads.
[data] 5355 clips | train=4284 val=535 test=536
Loading weights:   0%|          | 0/100 [00:00<?, ?it/s]Loading weights: 100%|██████████| 100/100 [00:00<00:00, 10733.71it/s]
[transformers] [1mDistilBertModel LOAD REPORT[0m from: distilbert-base-uncased
Key                     | Status     |  | 
------------------------+------------+--+-
vocab_transform.weight  | UNEXPECTED |  | 
vocab_transform.bias    | UNEXPECTED |  | 
vocab_layer_norm.bias   | UNEXPECTED |  | 
vocab_layer_norm.weight | UNEXPECTED |  | 
vocab_projector.bias    | UNEXPECTED |  | 

Notes:
- UNEXPECTED:	can be ignored when loading from different task/architecture; not ok if you expect identical arch.
  [epoch 1] loss 3.8717 c2a R@1 0.0075 R@10 0.0972 tau 0.0700 (20.0s)
  [epoch 2] loss 3.5124 c2a R@1 0.0262 R@10 0.1252 tau 0.0700 (19.7s)
  [epoch 3] loss 3.2777 c2a R@1 0.0187 R@10 0.1271 tau 0.0698 (19.8s)
  [epoch 4] loss 3.0703 c2a R@1 0.0299 R@10 0.1327 tau 0.0697 (19.8s)
  [epoch 5] loss 2.8502 c2a R@1 0.0243 R@10 0.1495 tau 0.0696 (19.9s)
  [epoch 6] loss 2.6619 c2a R@1 0.0262 R@10 0.1720 tau 0.0694 (19.9s)
  [epoch 7] loss 2.4529 c2a R@1 0.0187 R@10 0.1570 tau 0.0692 (19.9s)
  [epoch 8] loss 2.2092 c2a R@1 0.0243 R@10 0.1421 tau 0.0691 (19.9s)
  [epoch 9] loss 2.0429 c2a R@1 0.0262 R@10 0.1682 tau 0.0689 (19.9s)
  [epoch 10] loss 1.8227 c2a R@1 0.0243 R@10 0.1626 tau 0.0687 (19.9s)
  [epoch 11] loss 1.6941 c2a R@1 0.0224 R@10 0.1589 tau 0.0686 (19.9s)
  [epoch 12] loss 1.5276 c2a R@1 0.0299 R@10 0.1664 tau 0.0684 (19.9s)
  [epoch 13] loss 1.3810 c2a R@1 0.0262 R@10 0.1570 tau 0.0683 (19.9s)
  [epoch 14] loss 1.2831 c2a R@1 0.0262 R@10 0.1626 tau 0.0681 (19.9s)
  [epoch 15] loss 1.1475 c2a R@1 0.0168 R@10 0.1607 tau 0.0679 (19.9s)
  [epoch 16] loss 1.0755 c2a R@1 0.0243 R@10 0.1570 tau 0.0678 (19.9s)
  [epoch 17] loss 0.9610 c2a R@1 0.0168 R@10 0.1421 tau 0.0676 (19.9s)
  [epoch 18] loss 0.9109 c2a R@1 0.0206 R@10 0.1514 tau 0.0675 (19.9s)
  [epoch 19] loss 0.8231 c2a R@1 0.0206 R@10 0.1477 tau 0.0673 (19.9s)
  [epoch 20] loss 0.7679 c2a R@1 0.0224 R@10 0.1551 tau 0.0672 (19.9s)
  [epoch 21] loss 0.7117 c2a R@1 0.0224 R@10 0.1458 tau 0.0670 (19.9s)
  [epoch 22] loss 0.6482 c2a R@1 0.0168 R@10 0.1589 tau 0.0668 (19.9s)
  [epoch 23] loss 0.6176 c2a R@1 0.0168 R@10 0.1402 tau 0.0667 (19.9s)
  [epoch 24] loss 0.5580 c2a R@1 0.0187 R@10 0.1626 tau 0.0665 (19.9s)
  [epoch 25] loss 0.5354 c2a R@1 0.0168 R@10 0.1533 tau 0.0664 (19.9s)
  [epoch 26] loss 0.4901 c2a R@1 0.0206 R@10 0.1570 tau 0.0662 (19.9s)
  [epoch 27] loss 0.4746 c2a R@1 0.0280 R@10 0.1570 tau 0.0661 (19.9s)
  [epoch 28] loss 0.4550 c2a R@1 0.0187 R@10 0.1607 tau 0.0659 (19.9s)
  [epoch 29] loss 0.4087 c2a R@1 0.0280 R@10 0.1607 tau 0.0658 (19.9s)
  [epoch 30] loss 0.3920 c2a R@1 0.0187 R@10 0.1533 tau 0.0656 (19.9s)
[zero-shot] 50 tags  micro-F1 0.1148 macro-F1 0.1083 AUC-PR 0.0786

=== Task 4 retrieval (gallery 536) ===
  caption_to_audio   R@1 0.0187  R@5 0.0709  R@10 0.1194
  audio_to_caption   R@1 0.0149  R@5 0.0784  R@10 0.1269
  random baseline    R@1 0.0019  R@10 0.0187
  median rank        c2a 71  a2c 74
[out ] results/metrics_task4.json
T4DONE
